// Jest Snapshot v1, https://goo.gl/fbAQLP

exports[`App Checkbox Test Checkbox with default 1`] = `
.c0 {
  display: -webkit-box;
  display: -webkit-flex;
  display: -ms-flexbox;
  display: flex;
  -webkit-box-pack: start;
  -webkit-justify-content: flex-start;
  -ms-flex-pack: start;
  justify-content: flex-start;
  -webkit-align-items: center;
  -webkit-box-align: center;
  -ms-flex-align: center;
  align-items: center;
}

.c1 {
  cursor: pointer;
  height: 16px;
  width: 16px;
}

.c2 {
  padding-left: 8px;
  cursor: pointer;
}

<div>
  <div
    class="c0"
    data-testid="checkbox-wrapper"
  >
    <input
      class="c1"
      id="checkboxId"
      type="checkbox"
    />
    <label
      class="c2"
      for="checkboxId"
    />
  </div>
</div>
`;
