// Jest Snapshot v1, https://goo.gl/fbAQLP

exports[`App CalendarDetail Test get default CalendarDetail no params 1`] = `
Object {
  "asFragment": [Function],
  "baseElement": .c1 {
  cursor: none;
  color: #fff;
  background-color: #000;
  font-size: 14px;
}

.c0 {
  position: relative;
  display: -webkit-box;
  display: -webkit-flex;
  display: -ms-flexbox;
  display: flex;
  -webkit-flex-direction: column;
  -ms-flex-direction: column;
  flex-direction: column;
  -webkit-align-items: center;
  -webkit-box-align: center;
  -ms-flex-align: center;
  align-items: center;
  -webkit-box-pack: start;
  -webkit-justify-content: flex-start;
  -ms-flex-pack: start;
  justify-content: flex-start;
  -webkit-box-flex: 1;
  -webkit-flex-grow: 1;
  -ms-flex-positive: 1;
  flex-grow: 1;
  height: 7rem;
  border-bottom: 0.05rem solid #e3e3e7;
  border-right: 0.05rem solid #e3e3e7;
  cursor: pointer;
  pointer-events: auto;
  max-width: 14.285714285714286%;
}

.c0:after {
  background: rgba(46,62,72,0.9);
  border-radius: 0.15rem;
  bottom: 100%;
  color: #fff;
  content: attr(data-tooltip);
  display: block;
  font-size: 0.8rem;
  left: 50%;
  max-width: 320px;
  opacity: 0;
  overflow: hidden;
  padding: 0.2rem 0.4rem;
  pointer-events: none;
  position: absolute;
  text-overflow: ellipsis;
  -webkit-transform: translate(-50%,0.4rem);
  -ms-transform: translate(-50%,0.4rem);
  transform: translate(-50%,0.4rem);
  -webkit-transition: all 0.2s ease;
  transition: all 0.2s ease;
  white-space: pre;
  z-index: 300;
}

.c0:focus:after,
.c0:hover:after {
  opacity: 1;
  -webkit-transform: translate(-50%,-0.2rem);
  -ms-transform: translate(-50%,-0.2rem);
  transform: translate(-50%,-0.2rem);
}

.c2 {
  -webkit-align-self: flex-end;
  -ms-flex-item-align: end;
  align-self: flex-end;
  height: 1.4rem;
  margin-right: 0.2rem;
  margin-top: 0.2rem;
  -webkit-transition: all 0.2s ease;
  transition: all 0.2s ease;
  -webkit-appearance: none;
  -moz-appearance: none;
  appearance: none;
  background: transparent;
  border: 0.05rem solid transparent;
  border-radius: 50%;
  color: #6c777e;
  cursor: pointer;
  font-size: 0.8rem;
  line-height: 1rem;
  outline: none;
  padding: 0.15rem;
  position: relative;
  text-align: center;
  -webkit-text-decoration: none;
  text-decoration: none;
  vertical-align: middle;
  white-space: nowrap;
  width: 1.4rem;
}

.c3 {
  -webkit-box-flex: 1;
  -webkit-flex-grow: 1;
  -ms-flex-positive: 1;
  flex-grow: 1;
  line-height: 1;
  overflow-y: auto;
  padding: 0.2rem;
}

.c4 {
  border-radius: 0.15rem;
  font-size: 0.7rem;
  display: block;
  margin: 0.15rem auto;
  overflow: hidden;
  padding: 3px 4px;
  text-overflow: ellipsis;
  white-space: nowrap;
  color: #10b742;
  background: #d3f1dc;
}

<body>
    <div>
      <div
        class="c0"
        data-tooltip="In: 08:00 - Out: 17:37"
      >
        <button
          class="c1 c2"
        >
          6
        </button>
        <div
          class="c3"
        >
          <span
            class="c4"
          >
            Attend OK
          </span>
          <span
            class="c4"
          >
            Leave OK
          </span>
        </div>
      </div>
    </div>
  </body>,
  "container": <div>
    <div
      class="sc-gsTCUz gQAyZV"
      data-tooltip="In: 08:00 - Out: 17:37"
    >
      <button
        class="sc-bdfBwQ sc-dlfnbm LlqYh gPHWoh"
      >
        6
      </button>
      <div
        class="sc-hKgILt kupcfg"
      >
        <span
          class="sc-eCssSg bdOqHh"
        >
          Attend OK
        </span>
        <span
          class="sc-eCssSg bdOqHh"
        >
          Leave OK
        </span>
      </div>
    </div>
  </div>,
  "debug": [Function],
  "findAllByAltText": [Function],
  "findAllByDisplayValue": [Function],
  "findAllByLabelText": [Function],
  "findAllByPlaceholderText": [Function],
  "findAllByRole": [Function],
  "findAllByTestId": [Function],
  "findAllByText": [Function],
  "findAllByTitle": [Function],
  "findByAltText": [Function],
  "findByDisplayValue": [Function],
  "findByLabelText": [Function],
  "findByPlaceholderText": [Function],
  "findByRole": [Function],
  "findByTestId": [Function],
  "findByText": [Function],
  "findByTitle": [Function],
  "getAllByAltText": [Function],
  "getAllByDisplayValue": [Function],
  "getAllByLabelText": [Function],
  "getAllByPlaceholderText": [Function],
  "getAllByRole": [Function],
  "getAllByTestId": [Function],
  "getAllByText": [Function],
  "getAllByTitle": [Function],
  "getByAltText": [Function],
  "getByDisplayValue": [Function],
  "getByLabelText": [Function],
  "getByPlaceholderText": [Function],
  "getByRole": [Function],
  "getByTestId": [Function],
  "getByText": [Function],
  "getByTitle": [Function],
  "queryAllByAltText": [Function],
  "queryAllByDisplayValue": [Function],
  "queryAllByLabelText": [Function],
  "queryAllByPlaceholderText": [Function],
  "queryAllByRole": [Function],
  "queryAllByTestId": [Function],
  "queryAllByText": [Function],
  "queryAllByTitle": [Function],
  "queryByAltText": [Function],
  "queryByDisplayValue": [Function],
  "queryByLabelText": [Function],
  "queryByPlaceholderText": [Function],
  "queryByRole": [Function],
  "queryByTestId": [Function],
  "queryByText": [Function],
  "queryByTitle": [Function],
  "rerender": [Function],
  "unmount": [Function],
}
`;
