// Jest Snapshot v1, https://goo.gl/fbAQLP

exports[`App Calendar Test get default Calendar 1`] = `
.c2 {
  border: 0;
  font-size: 18px;
  cursor: pointer;
  border: 0;
  background-color: #000;
  color: #fff;
  font-size: 16px;
}

.c3 {
  padding: 8px;
  cursor: pointer;
  border: 0;
  background-color: #000;
  color: #fff;
  font-size: 16px;
}

.c8 {
  cursor: default;
  border: 0;
}

.c7 {
  position: relative;
  display: -webkit-box;
  display: -webkit-flex;
  display: -ms-flexbox;
  display: flex;
  -webkit-flex-direction: column;
  -ms-flex-direction: column;
  flex-direction: column;
  -webkit-align-items: center;
  -webkit-box-align: center;
  -ms-flex-align: center;
  align-items: center;
  -webkit-box-pack: start;
  -webkit-justify-content: flex-start;
  -ms-flex-pack: start;
  justify-content: flex-start;
  -webkit-box-flex: 1;
  -webkit-flex-grow: 1;
  -ms-flex-positive: 1;
  flex-grow: 1;
  height: 7rem;
  border-bottom: 0.05rem solid #e3e3e7;
  border-right: 0.05rem solid #e3e3e7;
  cursor: default;
  pointer-events: none;
  max-width: 14.285714285714286%;
}

.c7:after {
  background: rgba(46,62,72,0.9);
  border-radius: 0.15rem;
  bottom: 100%;
  color: #fff;
  content: attr(data-tooltip);
  display: block;
  font-size: 0.8rem;
  left: 50%;
  max-width: 320px;
  opacity: 0;
  overflow: hidden;
  padding: 0.2rem 0.4rem;
  pointer-events: none;
  position: absolute;
  text-overflow: ellipsis;
  -webkit-transform: translate(-50%,0.4rem);
  -ms-transform: translate(-50%,0.4rem);
  transform: translate(-50%,0.4rem);
  -webkit-transition: all 0.2s ease;
  transition: all 0.2s ease;
  white-space: pre;
  z-index: 300;
}

.c7:focus:after,
.c7:hover:after {
  opacity: 1;
  -webkit-transform: translate(-50%,-0.2rem);
  -ms-transform: translate(-50%,-0.2rem);
  transform: translate(-50%,-0.2rem);
}

.c10 {
  position: relative;
  display: -webkit-box;
  display: -webkit-flex;
  display: -ms-flexbox;
  display: flex;
  -webkit-flex-direction: column;
  -ms-flex-direction: column;
  flex-direction: column;
  -webkit-align-items: center;
  -webkit-box-align: center;
  -ms-flex-align: center;
  align-items: center;
  -webkit-box-pack: start;
  -webkit-justify-content: flex-start;
  -ms-flex-pack: start;
  justify-content: flex-start;
  -webkit-box-flex: 1;
  -webkit-flex-grow: 1;
  -ms-flex-positive: 1;
  flex-grow: 1;
  height: 7rem;
  border-bottom: 0.05rem solid #e3e3e7;
  border-right: 0.05rem solid #e3e3e7;
  cursor: pointer;
  pointer-events: auto;
  max-width: 14.285714285714286%;
}

.c10:after {
  background: rgba(46,62,72,0.9);
  border-radius: 0.15rem;
  bottom: 100%;
  color: #fff;
  content: attr(data-tooltip);
  display: block;
  font-size: 0.8rem;
  left: 50%;
  max-width: 320px;
  opacity: 0;
  overflow: hidden;
  padding: 0.2rem 0.4rem;
  pointer-events: none;
  position: absolute;
  text-overflow: ellipsis;
  -webkit-transform: translate(-50%,0.4rem);
  -ms-transform: translate(-50%,0.4rem);
  transform: translate(-50%,0.4rem);
  -webkit-transition: all 0.2s ease;
  transition: all 0.2s ease;
  white-space: pre;
  z-index: 300;
}

.c10:focus:after,
.c10:hover:after {
  opacity: 1;
  -webkit-transform: translate(-50%,-0.2rem);
  -ms-transform: translate(-50%,-0.2rem);
  transform: translate(-50%,-0.2rem);
}

.c9 {
  -webkit-align-self: flex-end;
  -ms-flex-item-align: end;
  align-self: flex-end;
  height: 1.4rem;
  margin-right: 0.2rem;
  margin-top: 0.2rem;
  -webkit-transition: all 0.2s ease;
  transition: all 0.2s ease;
  -webkit-appearance: none;
  -moz-appearance: none;
  appearance: none;
  background: transparent;
  border: 0.05rem solid transparent;
  border-radius: 50%;
  color: #6c777e;
  cursor: pointer;
  font-size: 0.8rem;
  line-height: 1rem;
  outline: none;
  padding: 0.15rem;
  position: relative;
  text-align: center;
  -webkit-text-decoration: none;
  text-decoration: none;
  vertical-align: middle;
  white-space: nowrap;
  width: 1.4rem;
  border-color: none;
  color: inherit;
}

.c13 {
  -webkit-align-self: flex-end;
  -ms-flex-item-align: end;
  align-self: flex-end;
  height: 1.4rem;
  margin-right: 0.2rem;
  margin-top: 0.2rem;
  -webkit-transition: all 0.2s ease;
  transition: all 0.2s ease;
  -webkit-appearance: none;
  -moz-appearance: none;
  appearance: none;
  background: transparent;
  border: 0.05rem solid transparent;
  border-radius: 50%;
  color: #6c777e;
  cursor: pointer;
  font-size: 0.8rem;
  line-height: 1rem;
  outline: none;
  padding: 0.15rem;
  position: relative;
  text-align: center;
  -webkit-text-decoration: none;
  text-decoration: none;
  vertical-align: middle;
  white-space: nowrap;
  width: 1.4rem;
  border-color: #cde4ff;
  color: #439aff;
}

.c11 {
  -webkit-box-flex: 1;
  -webkit-flex-grow: 1;
  -ms-flex-positive: 1;
  flex-grow: 1;
  line-height: 1;
  overflow-y: auto;
  padding: 0.2rem;
}

.c12 {
  border-radius: 0.15rem;
  font-size: 0.7rem;
  display: block;
  margin: 0.15rem auto;
  overflow: hidden;
  padding: 3px 4px;
  text-overflow: ellipsis;
  white-space: nowrap;
  color: #10b742;
  background: #d3f1dc;
}

.c0 {
  display: -webkit-box;
  display: -webkit-flex;
  display: -ms-flexbox;
  display: flex;
  -webkit-flex-direction: column;
  -ms-flex-direction: column;
  flex-direction: column;
  -webkit-align-items: center;
  -webkit-box-align: center;
  -ms-flex-align: center;
  align-items: center;
  -webkit-box-pack: center;
  -webkit-justify-content: center;
  -ms-flex-pack: center;
  justify-content: center;
  width: 100%;
  height: 100%;
}

.c6 {
  display: -webkit-box;
  display: -webkit-flex;
  display: -ms-flexbox;
  display: flex;
  -webkit-flex-direction: row;
  -ms-flex-direction: row;
  flex-direction: row;
  -webkit-align-items: stretch;
  -webkit-box-align: stretch;
  -ms-flex-align: stretch;
  align-items: stretch;
  -webkit-box-pack: justify;
  -webkit-justify-content: space-between;
  -ms-flex-pack: justify;
  justify-content: space-between;
  width: 100%;
  height: 100%;
}

.c4 {
  display: -webkit-box;
  display: -webkit-flex;
  display: -ms-flexbox;
  display: flex;
  -webkit-flex-direction: row;
  -ms-flex-direction: row;
  flex-direction: row;
  -webkit-align-items: center;
  -webkit-box-align: center;
  -ms-flex-align: center;
  align-items: center;
  -webkit-box-pack: justify;
  -webkit-justify-content: space-between;
  -ms-flex-pack: justify;
  justify-content: space-between;
  width: 100%;
  height: 100%;
}

.c1 {
  display: -webkit-box;
  display: -webkit-flex;
  display: -ms-flexbox;
  display: flex;
  -webkit-flex-direction: row;
  -ms-flex-direction: row;
  flex-direction: row;
  -webkit-align-items: center;
  -webkit-box-align: center;
  -ms-flex-align: center;
  align-items: center;
  -webkit-box-pack: justify;
  -webkit-justify-content: space-between;
  -ms-flex-pack: justify;
  justify-content: space-between;
  width: 100%;
  height: 100%;
  padding: 8px;
}

.c5 {
  border-top: 0.05rem solid #e3e3e7;
  border-left: 0.05rem solid #e3e3e7;
  width: 100%;
}

@media screen and (min-width:40em) {
  .c2 {
    font-size: 24px;
  }
}

<div>
  <div
    class="c0"
  >
    <div
      class="c1"
    >
      <div>
        <button
          class="c2"
          cursor="pointer"
          data-testid="app-button"
          font-size="18,24"
        >
          12/2020
        </button>
      </div>
      <div>
        <button
          class="c3"
          cursor="pointer"
          data-testid="app-button"
        >
          &lt;&lt;
        </button>
        <button
          class="c3"
          cursor="pointer"
          data-testid="app-button"
        >
          &lt;
        </button>
        <button
          class="c3"
          cursor="pointer"
          data-testid="app-button"
        >
          Today
        </button>
        <button
          class="c3"
          cursor="pointer"
          data-testid="app-button"
        >
          &gt;
        </button>
        <button
          class="c3"
          cursor="pointer"
          data-testid="app-button"
        >
          &gt;&gt;
        </button>
      </div>
    </div>
    <div
      class="c4"
    >
      <div>
        Sun
      </div>
      <div>
        Mon
      </div>
      <div>
        Tue
      </div>
      <div>
        Wed
      </div>
      <div>
        Thu
      </div>
      <div>
        Fri
      </div>
      <div>
        Sat
      </div>
    </div>
    <div
      class="c5"
    >
      <div
        class="c6"
      >
        <div
          class="c7"
          data-tooltip="true"
        >
          <button
            class="c8 c9"
          >
            29
          </button>
        </div>
        <div
          class="c10"
          data-tooltip="In: 08:00 - Out: 17:37"
        >
          <button
            class="c8 c9"
          >
            30
          </button>
          <div
            class="c11"
          >
            <span
              class="c12"
            >
              Attend OK
            </span>
            <span
              class="c12"
            >
              Leave OK
            </span>
          </div>
        </div>
        <div
          class="c10"
          data-tooltip="In: 08:00 - Out: 17:37"
        >
          <button
            class="c8 c9"
          >
            1
          </button>
          <div
            class="c11"
          >
            <span
              class="c12"
            >
              Attend OK
            </span>
            <span
              class="c12"
            >
              Leave OK
            </span>
          </div>
        </div>
        <div
          class="c10"
          data-tooltip="In: 08:00 - Out: 17:37"
        >
          <button
            class="c8 c9"
          >
            2
          </button>
          <div
            class="c11"
          >
            <span
              class="c12"
            >
              Attend OK
            </span>
            <span
              class="c12"
            >
              Leave OK
            </span>
          </div>
        </div>
        <div
          class="c10"
          data-tooltip="In: 08:00 - Out: 17:37"
        >
          <button
            class="c8 c9"
          >
            3
          </button>
          <div
            class="c11"
          >
            <span
              class="c12"
            >
              Attend OK
            </span>
            <span
              class="c12"
            >
              Leave OK
            </span>
          </div>
        </div>
        <div
          class="c10"
          data-tooltip="In: 08:00 - Out: 17:37"
        >
          <button
            class="c8 c9"
          >
            4
          </button>
          <div
            class="c11"
          >
            <span
              class="c12"
            >
              Attend OK
            </span>
            <span
              class="c12"
            >
              Leave OK
            </span>
          </div>
        </div>
        <div
          class="c7"
          data-tooltip="true"
        >
          <button
            class="c8 c9"
          >
            5
          </button>
        </div>
      </div>
      <div
        class="c6"
      >
        <div
          class="c7"
          data-tooltip="true"
        >
          <button
            class="c8 c9"
          >
            6
          </button>
        </div>
        <div
          class="c10"
          data-tooltip="In: 08:00 - Out: 17:37"
        >
          <button
            class="c8 c9"
          >
            7
          </button>
          <div
            class="c11"
          >
            <span
              class="c12"
            >
              Attend OK
            </span>
            <span
              class="c12"
            >
              Leave OK
            </span>
          </div>
        </div>
        <div
          class="c10"
          data-tooltip="In: 08:00 - Out: 17:37"
        >
          <button
            class="c8 c9"
          >
            8
          </button>
          <div
            class="c11"
          >
            <span
              class="c12"
            >
              Attend OK
            </span>
            <span
              class="c12"
            >
              Leave OK
            </span>
          </div>
        </div>
        <div
          class="c10"
          data-tooltip="In: 08:00 - Out: 17:37"
        >
          <button
            class="c8 c9"
          >
            9
          </button>
          <div
            class="c11"
          >
            <span
              class="c12"
            >
              Attend OK
            </span>
            <span
              class="c12"
            >
              Leave OK
            </span>
          </div>
        </div>
        <div
          class="c10"
          data-tooltip="In: 08:00 - Out: 17:37"
        >
          <button
            class="c8 c9"
          >
            10
          </button>
          <div
            class="c11"
          >
            <span
              class="c12"
            >
              Attend OK
            </span>
            <span
              class="c12"
            >
              Leave OK
            </span>
          </div>
        </div>
        <div
          class="c10"
          data-tooltip="In: 08:00 - Out: 17:37"
        >
          <button
            class="c8 c9"
          >
            11
          </button>
          <div
            class="c11"
          >
            <span
              class="c12"
            >
              Attend OK
            </span>
            <span
              class="c12"
            >
              Leave OK
            </span>
          </div>
        </div>
        <div
          class="c7"
          data-tooltip="true"
        >
          <button
            class="c8 c9"
          >
            12
          </button>
        </div>
      </div>
      <div
        class="c6"
      >
        <div
          class="c7"
          data-tooltip="true"
        >
          <button
            class="c8 c9"
          >
            13
          </button>
        </div>
        <div
          class="c10"
          data-tooltip="In: 08:00 - Out: 17:37"
        >
          <button
            class="c8 c13"
          >
            14
          </button>
          <div
            class="c11"
          >
            <span
              class="c12"
            >
              Attend OK
            </span>
            <span
              class="c12"
            >
              Leave OK
            </span>
          </div>
        </div>
        <div
          class="c10"
          data-tooltip="In: 08:00 - Out: 17:37"
        >
          <button
            class="c8 c9"
          >
            15
          </button>
          <div
            class="c11"
          >
            <span
              class="c12"
            >
              Attend OK
            </span>
            <span
              class="c12"
            >
              Leave OK
            </span>
          </div>
        </div>
        <div
          class="c10"
          data-tooltip="In: 08:00 - Out: 17:37"
        >
          <button
            class="c8 c9"
          >
            16
          </button>
          <div
            class="c11"
          >
            <span
              class="c12"
            >
              Attend OK
            </span>
            <span
              class="c12"
            >
              Leave OK
            </span>
          </div>
        </div>
        <div
          class="c10"
          data-tooltip="In: 08:00 - Out: 17:37"
        >
          <button
            class="c8 c9"
          >
            17
          </button>
          <div
            class="c11"
          >
            <span
              class="c12"
            >
              Attend OK
            </span>
            <span
              class="c12"
            >
              Leave OK
            </span>
          </div>
        </div>
        <div
          class="c10"
          data-tooltip="In: 08:00 - Out: 17:37"
        >
          <button
            class="c8 c9"
          >
            18
          </button>
          <div
            class="c11"
          >
            <span
              class="c12"
            >
              Attend OK
            </span>
            <span
              class="c12"
            >
              Leave OK
            </span>
          </div>
        </div>
        <div
          class="c7"
          data-tooltip="true"
        >
          <button
            class="c8 c9"
          >
            19
          </button>
        </div>
      </div>
      <div
        class="c6"
      >
        <div
          class="c7"
          data-tooltip="true"
        >
          <button
            class="c8 c9"
          >
            20
          </button>
        </div>
        <div
          class="c10"
          data-tooltip="In: 08:00 - Out: 17:37"
        >
          <button
            class="c8 c9"
          >
            21
          </button>
          <div
            class="c11"
          >
            <span
              class="c12"
            >
              Attend OK
            </span>
            <span
              class="c12"
            >
              Leave OK
            </span>
          </div>
        </div>
        <div
          class="c10"
          data-tooltip="In: 08:00 - Out: 17:37"
        >
          <button
            class="c8 c9"
          >
            22
          </button>
          <div
            class="c11"
          >
            <span
              class="c12"
            >
              Attend OK
            </span>
            <span
              class="c12"
            >
              Leave OK
            </span>
          </div>
        </div>
        <div
          class="c10"
          data-tooltip="In: 08:00 - Out: 17:37"
        >
          <button
            class="c8 c9"
          >
            23
          </button>
          <div
            class="c11"
          >
            <span
              class="c12"
            >
              Attend OK
            </span>
            <span
              class="c12"
            >
              Leave OK
            </span>
          </div>
        </div>
        <div
          class="c10"
          data-tooltip="In: 08:00 - Out: 17:37"
        >
          <button
            class="c8 c9"
          >
            24
          </button>
          <div
            class="c11"
          >
            <span
              class="c12"
            >
              Attend OK
            </span>
            <span
              class="c12"
            >
              Leave OK
            </span>
          </div>
        </div>
        <div
          class="c10"
          data-tooltip="In: 08:00 - Out: 17:37"
        >
          <button
            class="c8 c9"
          >
            25
          </button>
          <div
            class="c11"
          >
            <span
              class="c12"
            >
              Attend OK
            </span>
            <span
              class="c12"
            >
              Leave OK
            </span>
          </div>
        </div>
        <div
          class="c7"
          data-tooltip="true"
        >
          <button
            class="c8 c9"
          >
            26
          </button>
        </div>
      </div>
      <div
        class="c6"
      >
        <div
          class="c7"
          data-tooltip="true"
        >
          <button
            class="c8 c9"
          >
            27
          </button>
        </div>
        <div
          class="c10"
          data-tooltip="In: 08:00 - Out: 17:37"
        >
          <button
            class="c8 c9"
          >
            28
          </button>
          <div
            class="c11"
          >
            <span
              class="c12"
            >
              Attend OK
            </span>
            <span
              class="c12"
            >
              Leave OK
            </span>
          </div>
        </div>
        <div
          class="c10"
          data-tooltip="In: 08:00 - Out: 17:37"
        >
          <button
            class="c8 c9"
          >
            29
          </button>
          <div
            class="c11"
          >
            <span
              class="c12"
            >
              Attend OK
            </span>
            <span
              class="c12"
            >
              Leave OK
            </span>
          </div>
        </div>
        <div
          class="c10"
          data-tooltip="In: 08:00 - Out: 17:37"
        >
          <button
            class="c8 c9"
          >
            30
          </button>
          <div
            class="c11"
          >
            <span
              class="c12"
            >
              Attend OK
            </span>
            <span
              class="c12"
            >
              Leave OK
            </span>
          </div>
        </div>
        <div
          class="c10"
          data-tooltip="In: 08:00 - Out: 17:37"
        >
          <button
            class="c8 c9"
          >
            31
          </button>
          <div
            class="c11"
          >
            <span
              class="c12"
            >
              Attend OK
            </span>
            <span
              class="c12"
            >
              Leave OK
            </span>
          </div>
        </div>
        <div
          class="c10"
          data-tooltip="In: 08:00 - Out: 17:37"
        >
          <button
            class="c8 c9"
          >
            1
          </button>
          <div
            class="c11"
          >
            <span
              class="c12"
            >
              Attend OK
            </span>
            <span
              class="c12"
            >
              Leave OK
            </span>
          </div>
        </div>
        <div
          class="c7"
          data-tooltip="true"
        >
          <button
            class="c8 c9"
          >
            2
          </button>
        </div>
      </div>
    </div>
  </div>
</div>
`;
