// Jest Snapshot v1, https://goo.gl/fbAQLP

exports[`App SwitchTheme Test SwitchTheme with default 1`] = `
<div>
  <div
    class=""
    data-testid="component-wrapper"
  >
    Content Component
  </div>
</div>
`;
