// Jest Snapshot v1, https://goo.gl/fbAQLP

exports[`App SwitchTheme Test SwitchTheme with default 1`] = `
.c0 {
  display: -webkit-box;
  display: -webkit-flex;
  display: -ms-flexbox;
  display: flex;
  -webkit-box-pack: center;
  -webkit-justify-content: center;
  -ms-flex-pack: center;
  justify-content: center;
  -webkit-align-items: center;
  -webkit-box-align: center;
  -ms-flex-align: center;
  align-items: center;
  -webkit-align-content: center;
  -ms-flex-line-pack: center;
  align-content: center;
  -webkit-flex-direction: column;
  -ms-flex-direction: column;
  flex-direction: column;
  -webkit-flex-wrap: wrap;
  -ms-flex-wrap: wrap;
  flex-wrap: wrap;
  -webkit-box-flex: 1;
  -webkit-flex-grow: 1;
  -ms-flex-positive: 1;
  flex-grow: 1;
  -webkit-order: 0;
  -ms-flex-order: 0;
  order: 0;
  -webkit-align-self: 0;
  -ms-flex-item-align: 0;
  align-self: 0;
}

<div>
  <div
    class="c0"
    data-testid="Flex-wrapper"
  >
    <div>
      Content 1
    </div>
    <div>
      Content 2
    </div>
    <div>
      Content 3
    </div>
    <div>
      Content 4
    </div>
    <div>
      Content 5
    </div>
  </div>
</div>
`;

exports[`App SwitchTheme Test SwitchTheme with props 1`] = `
.c0 {
  display: -webkit-box;
  display: -webkit-flex;
  display: -ms-flexbox;
  display: flex;
  -webkit-box-pack: center;
  -webkit-justify-content: center;
  -ms-flex-pack: center;
  justify-content: center;
  -webkit-align-items: center;
  -webkit-box-align: center;
  -ms-flex-align: center;
  align-items: center;
  -webkit-align-content: center;
  -ms-flex-line-pack: center;
  align-content: center;
  -webkit-flex-direction: column;
  -ms-flex-direction: column;
  flex-direction: column;
  -webkit-flex-wrap: wrap;
  -ms-flex-wrap: wrap;
  flex-wrap: wrap;
  -webkit-box-flex: 1;
  -webkit-flex-grow: 1;
  -ms-flex-positive: 1;
  flex-grow: 1;
  -webkit-order: 0;
  -ms-flex-order: 0;
  order: 0;
  -webkit-align-self: 0;
  -ms-flex-item-align: 0;
  align-self: 0;
}

<div>
  <div
    class="c0"
    data-testid="Flex-wrapper"
  >
    <div>
      Content 1
    </div>
    <div>
      Content 2
    </div>
    <div>
      Content 3
    </div>
    <div>
      Content 4
    </div>
    <div>
      Content 5
    </div>
  </div>
</div>
`;
